// Jest Snapshot v1, https://goo.gl/fbAQLP

exports[`<RemoveBtn /> matches snapshots 1`] = `
<div>
  <button
    class="RemoveBtn__Button-w4yd9g-0 hxawzU"
  >
    X
  </button>
</div>
`;
